🚀 Starting Gemini API validation tests...

🧪 Running connectivity tests on a few models...

🔍 Testing model: models/gemma-2-27b-it...

🔍 Testing model: models/gemma-2-9b-it...

🔍 Testing model: models/gemma-2-2b-it...

🔍 Testing model: models/gemma-1.1-7b-it...

🔍 Testing model: models/gemma-1.1-2b-it...

🔍 Testing model: models/gemma-3-27b-it...
✅ models/gemma-3-27b-it Response: Yes, I am! 😊 

How can I help you?

🔍 Testing model: models/gemma-3-12b-it...
✅ models/gemma-3-12b-it Response: Yes, I am! Ready when you are. 😊

🔍 Testing model: models/gemma-3-4b-it...
✅ models/gemma-3-4b-it Response: Yes, I am! 😊

🔍 Testing model: models/gemma-2-27b...

🔍 Testing model: models/gemma-2-9b...
